// Jest Snapshot v1, https://goo.gl/fbAQLP

exports[`this is Emojis-test 1`] = `
Object {
  "activity": Array [
    "⚽️",
    "🏀",
    "🏈",
    "🎾",
    "🏉",
    "🎱",
    "🎿",
    "🏂",
    "🎣",
    "🚣",
    "🏊",
    "🏄",
    "🛀",
    "🚴",
    "🚵",
    "🏇",
    "🏆",
    "🎽",
    "🎫",
    "🎭",
    "🎨",
    "🎪",
    "🎤",
    "🎧",
    "🎼",
    "🎹",
    "🎷",
    "🎺",
    "🎸",
    "🎻",
    "🎬",
    "🎮",
    "👾",
    "🎯",
    "🎲",
    "🎰",
    "🎳",
  ],
  "animals": Array [
    "🐶",
    "🐱",
    "🐭",
    "🐹",
    "🐰",
    "🐻",
    "🐼",
    "🐨",
    "🐯",
    "🐮",
    "🐷",
    "🐽",
    "🐸",
    "🐙",
    "🐵",
    "🙈",
    "🙉",
    "🙊",
    "🐒",
    "🐔",
    "🐧",
    "🐦",
    "🐤",
    "🐣",
    "🐥",
    "🐺",
    "🐗",
    "🐴",
    "🐝",
    "🐛",
    "🐌",
    "🐞",
    "🐜",
    "🐍",
    "🐢",
    "🐠",
    "🐟",
    "🐡",
    "🐬",
    "🐳",
    "🐋",
    "🐊",
    "🐆",
    "🐅",
    "🐃",
    "🐂",
    "🐄",
    "🐪",
    "🐫",
    "🐘",
    "🐐",
    "🐏",
    "🐑",
    "🐎",
    "🐖",
    "🐀",
    "🐁",
    "🐓",
    "🐕",
    "🐩",
    "🐈",
    "🐇",
    "🐾",
    "🐉",
    "🐲",
    "🌵",
    "🎄",
    "🌲",
    "🌳",
    "🌴",
    "🌱",
    "🌿",
    "☘",
    "🍀",
    "🎍",
    "🎋",
    "🍃",
    "🍂",
    "🍁",
    "🌾",
    "🌺",
    "🌻",
    "🌹",
    "🌷",
    "🌼",
    "🌸",
    "💐",
    "🍄",
    "🌰",
    "🎃",
    "🐚",
    "🌎",
    "🌍",
    "🌏",
    "🌕",
    "🌖",
    "🌗",
    "🌘",
    "🌑",
    "🌒",
    "🌓",
    "🌔",
    "🌚",
    "🌝",
    "🌛",
    "🌜",
    "🌞",
    "🌙",
    "⭐",
    "🌟",
    "💫",
    "✨",
    "☄",
    "☀",
    "⛅",
    "☁",
    "⚡",
    "🔥",
    "💥",
    "❄",
    "☃",
    "⛄",
    "💨",
    "☂",
    "☔",
    "💧",
    "💦",
    "🌊",
  ],
  "food": Array [
    "🍏",
    "🍎",
    "🍐",
    "🍊",
    "🍋",
    "🍌",
    "🍉",
    "🍇",
    "🍓",
    "🍈",
    "🍒",
    "🍑",
    "🍍",
    "🍅",
    "🍆",
    "🌽",
    "🍠",
    "🍯",
    "🍞",
    "🍗",
    "🍖",
    "🍤",
    "🍳",
    "🍔",
    "🍟",
    "🍕",
    "🍝",
    "🍜",
    "🍲",
    "🍥",
    "🍣",
    "🍱",
    "🍛",
    "🍙",
    "🍚",
    "🍘",
    "🍢",
    "🍡",
    "🍧",
    "🍨",
    "🍦",
    "🍰",
    "🎂",
    "🍮",
    "🍬",
    "🍭",
    "🍫",
    "🍩",
    "🍪",
    "🍺",
    "🍻",
    "🍷",
    "🍸",
    "🍹",
    "🍶",
    "🍵",
    "☕",
    "🍼",
    "🍴",
  ],
  "objects": Array [
    "⌚️",
    "📱",
    "📲",
    "💻",
    "⌨",
    "💽",
    "💾",
    "💿",
    "📀",
    "📼",
    "📷",
    "📹",
    "🎥",
    "📞",
    "📟",
    "📠",
    "📺",
    "📻",
    "⏰",
    "⏳",
    "⌛️",
    "📡",
    "🔋",
    "🔌",
    "💡",
    "🔦",
    "💸",
    "💵",
    "💴",
    "💶",
    "💷",
    "💰",
    "💳",
    "💎",
    "⚖",
    "🔧",
    "🔨",
    "⚒",
    "🔩",
    "⚙",
    "🔫",
    "💣",
    "🔪",
    "⚔",
    "🚬",
    "☠",
    "⚰",
    "⚱",
    "🔮",
    "💈",
    "⚗",
    "🔭",
    "🔬",
    "💊",
    "💉",
    "🔖",
    "🚽",
    "🚿",
    "🛁",
    "🔑",
    "🚪",
    "🗿",
    "🎈",
    "🎏",
    "🎀",
    "🎁",
    "🎊",
    "🎉",
    "🎎",
    "🎐",
    "🎌",
    "🏮",
    "📩",
    "📨",
    "📧",
    "💌",
    "📮",
    "📪",
    "📫",
    "📬",
    "📭",
    "📦",
    "📯",
    "📥",
    "📤",
    "📜",
    "📃",
    "📑",
    "📊",
    "📈",
    "📉",
    "📄",
    "📅",
    "📆",
    "📇",
    "📋",
    "📁",
    "📂",
    "📰",
    "📓",
    "📕",
    "📗",
    "📘",
    "📙",
    "📔",
    "📒",
    "📚",
    "📖",
    "🔗",
    "📎",
    "📐",
    "📏",
    "📌",
    "📍",
    "🚩",
    "🔐",
    "🔒",
    "🔓",
    "🔏",
    "📝",
    "🔍",
    "🔎",
  ],
  "people": Array [
    "😀",
    "😬",
    "😁",
    "😂",
    "😃",
    "😄",
    "😅",
    "😆",
    "😇",
    "😉",
    "😊",
    "☺",
    "😋",
    "😌",
    "😍",
    "😘",
    "😗",
    "😙",
    "😚",
    "😜",
    "😝",
    "😛",
    "😎",
    "😏",
    "😶",
    "😐",
    "😑",
    "😒",
    "😳",
    "😞",
    "😟",
    "😠",
    "😡",
    "😔",
    "😕",
    "☹",
    "😣",
    "😖",
    "😫",
    "😩",
    "😤",
    "😮",
    "😱",
    "😨",
    "😰",
    "😯",
    "😦",
    "😧",
    "😢",
    "😥",
    "😪",
    "😓",
    "😭",
    "😵",
    "😲",
    "😷",
    "😴",
    "💤",
    "💩",
    "😈",
    "👿",
    "👹",
    "👺",
    "💀",
    "👻",
    "👽",
    "😺",
    "😸",
    "😹",
    "😻",
    "😼",
    "😽",
    "🙀",
    "😿",
    "😾",
    "🙌",
    "👯",
    "👫",
    "👬",
    "👭",
    "🙇",
    "💁",
    "🙅",
    "🙆",
    "🙋",
    "💘",
    "💝",
  ],
  "travel": Array [
    "🚗🚕",
    "🚙",
    "🚌",
    "🚎",
    "🚓",
    "🚑",
    "🚒",
    "🚐",
    "🚚",
    "🚛",
    "🚜",
    "🚲",
    "🚨",
    "🚔",
    "🚍",
    "🚘",
    "🚖",
    "🚡",
    "🚠",
    "🚟",
    "🚃",
    "🚋",
    "🚝",
    "🚄",
    "🚅",
    "🚈",
    "🚞",
    "🚂",
    "🚆",
    "🚇",
    "🚊",
    "🚉",
    "🚁",
    "🚤",
    "🚀",
    "💺",
    "🚧",
    "🚏",
    "🚦",
    "🚥",
    "🏁",
    "🚢",
    "🎡",
    "🎢",
    "🎠",
    "🌁",
    "🗼",
    "🏭",
    "🎑",
    "🗻",
    "🌋",
    "🗾",
    "🌅",
    "🌄",
    "🌇",
    "🌆",
    "🌃",
    "🌉",
    "🌌",
    "🌠",
    "🎇",
    "🎆",
    "🌈",
    "🏰",
    "🏯",
    "🗽",
    "🏠",
    "🏡",
    "🏢",
    "🏬",
    "🏣",
    "🏤",
    "🏥",
    "🏦",
    "🏨",
    "🏪",
    "🏫",
    "🏩",
    "💒",
  ],
}
`;
